# command: cargo fmt --check --manifest-path src-tauri/Cargo.toml && cargo check --manifest-path src-tauri/Cargo.toml && cargo test --manifest-path src-tauri/Cargo.toml
# exit_status: 0
# duration_ms: 66288

## stdout

running 14 tests
test project_tests::cancellation_path_uses_docforge_namespace ... ok
test project_tests::rejects_nul_project_sources ... ok
test project_tests::forged_live_preview_output_does_not_revoke_existing_preview_authorization ... ok
test project_tests::omitted_source_defaults_to_document_markdown ... ok
test project_tests::rejects_non_markdown_project_sources ... ok
test project_tests::explicit_symlinked_manifest_is_rejected_when_target_is_external ... ok
test project_tests::project_directory_and_manifest_path_return_identity_and_source ... ok
test project_tests::standalone_markdown_is_rejected ... ok
test project_tests::rejects_obsolete_manifest_paths_and_directory_entries ... ok
test project_tests::invalid_build_operation_does_not_revoke_existing_preview_authorization ... ok
test project_tests::rejects_obsolete_project_schema_in_docforge_manifest ... ok
test project_tests::traversal_and_missing_source_are_rejected ... ok
test project_tests::symlinked_manifest_is_rejected_when_it_escapes_root ... ok
test project_tests::windows_absolute_and_uri_source_values_are_rejected_cross_platform ... ok

test result: ok. 14 passed; 0 failed; 0 ignored; 0 measured; 0 filtered out; finished in 0.02s


running 0 tests

test result: ok. 0 passed; 0 failed; 0 ignored; 0 measured; 0 filtered out; finished in 0.00s


running 32 tests
test accepts_only_strict_path_free_desktop_preview_descriptors ... ok
test accepts_the_shared_versioned_request_envelope ... ok
test accepts_the_long_markdown_extension ... ok
test authorization_rejects_a_file_replaced_by_a_symlink_at_read_time ... ok
test builds_loopback_only_webview2_arguments_for_native_acceptance ... ok
test a_new_failed_or_canceled_build_revokes_the_previous_derived_authorization ... ok
test completed_report_without_preview_passes_through_and_request_drift_fails ... ok
test authorization_rejects_descriptor_drift_and_revocation ... ok
test a_new_build_revokes_authorization_after_the_old_preview_is_deleted ... ok
test authorization_handles_keep_same_named_pdfs_bound_to_their_selected_paths ... ok
test derives_only_the_fixed_preview_pdf_sibling ... ok
test keeps_the_native_acceptance_source_seam_disabled_by_default ... ok
test keeps_webview_remote_debugging_disabled_without_the_acceptance_port ... ok
test authorization_revalidates_symlinks_and_pdf_content_at_read_time ... ok
test a_new_build_revokes_old_authorization_after_preview_becomes_a_symlink ... ok
test build_success_authorizes_only_the_derived_preview_and_injects_an_opaque_id ... ok
test live_preview_output_state_rejects_forged_capabilities_and_releases_idempotently ... ok
test completed_live_preview_authorization_marks_cleanup_after_read ... ok
test opens_the_explicit_native_acceptance_source_without_a_system_picker ... ok
test rejects_a_request_without_an_object_payload ... ok
test rejects_empty_request_ids_and_operations ... ok
test prepared_live_preview_output_can_be_discarded_before_build_starts ... ok
test formal_preview_authorization_never_requests_live_cleanup ... ok
test reads_a_native_markdown_source_into_the_shared_source_dto ... ok
test rejects_unsafe_native_acceptance_cdp_ports ... ok
test rejects_obsolete_build_report_before_preview_authorization ... ok
test rejects_obsolete_event_protocol_before_preview_authorization ... ok
test rejects_the_obsolete_protocol_before_spawning_python ... ok
test rust_identity_matches_the_shared_runtime_fixture ... ok
test rejects_non_markdown_sources_at_the_native_boundary ... ok
test live_preview_output_is_unique_and_cleanup_is_scoped_to_its_directory ... ok
test reads_only_regular_pdf_signature_files ... ok

test result: ok. 32 passed; 0 failed; 0 ignored; 0 measured; 0 filtered out; finished in 0.00s


running 0 tests

test result: ok. 0 passed; 0 failed; 0 ignored; 0 measured; 0 filtered out; finished in 0.00s



## stderr
   Compiling docforge-desktop v0.1.0 (/Volumes/ThesisForgeCI/workspaces/thesis-forge-docforge-verify/src-tauri)
    Finished `dev` profile [unoptimized + debuginfo] target(s) in 16.63s
   Compiling cfg-if v1.0.4
   Compiling smallvec v1.15.2
   Compiling memchr v2.8.3
   Compiling libc v0.2.189
   Compiling serde_core v1.0.229
   Compiling writeable v0.6.3
   Compiling zerofrom v0.1.8
   Compiling siphasher v1.0.3
   Compiling litemap v0.8.2
   Compiling utf8_iter v1.0.4
   Compiling phf_shared v0.13.1
   Compiling itoa v1.0.18
   Compiling icu_properties_data v2.2.0
   Compiling icu_normalizer_data v2.2.0
   Compiling zmij v1.0.23
   Compiling yoke v0.8.3
   Compiling phf_generator v0.13.1
   Compiling num-conv v0.2.2
   Compiling winnow v1.0.4
   Compiling zerovec v0.11.6
   Compiling getrandom v0.4.3
   Compiling time-core v0.1.9
   Compiling toml_writer v1.1.2+spec-1.1.0
   Compiling deranged v0.5.8
   Compiling phf_codegen v0.13.1
   Compiling phf_macros v0.13.1
   Compiling powerfmt v0.2.0
   Compiling log v0.4.33
   Compiling toml_parser v1.1.3+spec-1.1.0
   Compiling zerotrie v0.2.4
   Compiling stable_deref_trait v1.2.1
   Compiling byteorder v1.5.0
   Compiling tinystr v0.8.3
   Compiling potential_utf v0.1.5
   Compiling serde_json v1.0.151
   Compiling icu_collections v2.2.0
   Compiling typeid v1.0.3
   Compiling icu_locale_core v2.2.0
   Compiling aho-corasick v1.1.4
   Compiling unic-char-range v0.9.0
   Compiling bitflags v2.13.1
   Compiling unic-common v0.9.0
   Compiling regex-syntax v0.8.11
   Compiling fnv v1.0.7
   Compiling unic-ucd-version v0.9.0
   Compiling unic-char-property v0.9.0
   Compiling thiserror v2.0.19
   Compiling parking_lot_core v0.9.12
   Compiling string_cache_codegen v0.6.1
   Compiling icu_provider v2.2.0
   Compiling alloc-no-stdlib v2.0.4
   Compiling hashbrown v0.17.1
   Compiling regex-automata v0.4.16
   Compiling equivalent v1.0.2
   Compiling bytes v1.12.1
   Compiling indexmap v2.14.0
   Compiling alloc-stdlib v0.2.4
   Compiling thiserror v1.0.69
   Compiling icu_normalizer v2.2.0
   Compiling icu_properties v2.2.0
   Compiling web_atoms v0.2.5
   Compiling parking_lot v0.12.5
   Compiling unic-ucd-ident v0.9.0
   Compiling quick-xml v0.41.0
   Compiling serde_spanned v1.1.1
   Compiling base64 v0.22.1
   Compiling string_cache v0.9.0
   Compiling regex v1.13.1
   Compiling idna_adapter v1.2.2
   Compiling http v1.5.0
   Compiling brotli-decompressor v5.0.3
   Compiling phf v0.13.1
   Compiling same-file v1.0.6
   Compiling dunce v1.0.5
   Compiling walkdir v2.5.0
   Compiling ctor v0.8.0
   Compiling form_urlencoded v1.2.2
   Compiling idna v1.1.0
   Compiling serde v1.0.229
   Compiling anyhow v1.0.104
   Compiling brotli v8.0.4
   Compiling objc2-exception-helper v0.1.1
   Compiling selectors v0.36.1
   Compiling uuid v1.24.0
   Compiling toml_datetime v1.1.1+spec-1.1.0
   Compiling objc2-encode v4.1.0
   Compiling glob v0.3.4
   Compiling objc2 v0.6.4
   Compiling toml v1.1.4+spec-1.1.0
   Compiling cssparser v0.36.0
   Compiling url v2.5.8
   Compiling markup5ever v0.38.0
   Compiling swift-rs v1.0.7
   Compiling html5ever v0.38.0
   Compiling cfb v0.7.3
   Compiling jsonptr v0.6.3
   Compiling erased-serde v0.4.10
   Compiling time v0.3.54
   Compiling schemars v0.8.22
   Compiling serde-untagged v0.1.9
   Compiling json-patch v3.0.1
   Compiling cargo_metadata v0.19.2
   Compiling infer v0.19.0
   Compiling urlpattern v0.3.0
   Compiling serde_with v3.21.0
   Compiling block2 v0.6.2
   Compiling objc2-core-foundation v0.3.2
   Compiling option-ext v0.2.0
   Compiling dirs-sys v0.5.0
   Compiling plist v1.10.0
   Compiling dom_query v0.27.0
   Compiling objc2-foundation v0.3.2
   Compiling simd-adler32 v0.3.10
   Compiling dirs v6.0.0
   Compiling adler2 v2.0.1
   Compiling percent-encoding v2.3.2
   Compiling miniz_oxide v0.8.9
   Compiling toml v0.9.12+spec-1.1.0
   Compiling embed-resource v3.0.11
   Compiling crc32fast v1.5.0
   Compiling time-macros v0.2.32
   Compiling tauri-utils v2.9.3
   Compiling heck v0.5.0
   Compiling tauri-winres v0.3.6
   Compiling flate2 v1.1.9
   Compiling fdeflate v0.3.7
   Compiling raw-window-handle v0.6.2
   Compiling dpi v0.1.2
   Compiling cargo_toml v0.22.3
   Compiling errno v0.3.14
   Compiling core-foundation-sys v0.8.7
   Compiling once_cell v1.21.4
   Compiling core-foundation v0.10.1
   Compiling crossbeam-utils v0.8.22
   Compiling objc2-app-kit v0.3.2
   Compiling foreign-types-shared v0.3.1
   Compiling foreign-types v0.5.0
   Compiling png v0.17.16
   Compiling cookie v0.18.1
   Compiling crossbeam-channel v0.5.16
   Compiling core-graphics-types v0.2.0
   Compiling dispatch2 v0.3.1
   Compiling cpufeatures v0.2.17
   Compiling semver v1.0.28
   Compiling sha2 v0.10.9
   Compiling core-graphics v0.25.0
   Compiling ico v0.5.0
   Compiling signal-hook-registry v1.4.8
   Compiling unicode-segmentation v1.13.3
   Compiling signal-hook v0.3.18
   Compiling png v0.18.1
   Compiling keyboard-types v0.7.0
   Compiling os_pipe v1.2.3
   Compiling pin-project-lite v0.2.17
   Compiling sigchld v0.2.4
   Compiling tokio v1.53.1
   Compiling serialize-to-javascript v0.1.2
   Compiling getrandom v0.3.4
   Compiling embed_plist v1.2.2
   Compiling mime v0.3.17
   Compiling shared_child v1.1.1
   Compiling objc2-web-kit v0.3.2
   Compiling tao v0.35.3
   Compiling tauri-build v2.6.3
   Compiling tauri-plugin v2.6.3
   Compiling wry v0.55.1
   Compiling tauri-codegen v2.6.3
   Compiling muda v0.19.3
   Compiling window-vibrancy v0.6.0
   Compiling open v5.4.0
   Compiling encoding_rs v0.8.35
   Compiling rustix v1.1.4
   Compiling rfd v0.15.4
   Compiling fastrand v2.5.0
   Compiling tauri-runtime v2.11.3
   Compiling tauri-runtime-wry v2.11.4
   Compiling tempfile v3.27.0
   Compiling tauri v2.11.5
   Compiling tauri-plugin-shell v2.3.5
   Compiling tauri-macros v2.6.3
   Compiling docforge-desktop v0.1.0 (/Volumes/ThesisForgeCI/workspaces/thesis-forge-docforge-verify/src-tauri)
    Finished `test` profile [unoptimized + debuginfo] target(s) in 48.61s
     Running unittests src/lib.rs (src-tauri/target/debug/deps/docforge_desktop-3695d8c24da47fe5)
     Running unittests src/main.rs (src-tauri/target/debug/deps/docforge_desktop-81f54f6f4ab44b1b)
     Running tests/protocol_contract.rs (src-tauri/target/debug/deps/protocol_contract-1cc3bedfd7178a8e)
   Doc-tests docforge_desktop

