.venv/bin/python -m pytest
============================= test session starts ==============================
platform darwin -- Python 3.14.4, pytest-8.4.2, pluggy-1.6.0
rootdir: /Volumes/zwl/open_sources/thesis-forge
configfile: pyproject.toml
testpaths: tests
collected 256 items

tests/test_acceptance.py ....                                            [  1%]
tests/test_adapters.py .....................                             [  9%]
tests/test_application_services.py ...............................       [ 21%]
tests/test_architecture.py ........                                      [ 25%]
tests/test_bibliography.py ......                                        [ 27%]
tests/test_cli.py ...............                                        [ 33%]
tests/test_compiler.py ............                                      [ 37%]
tests/test_desktop_distribution.py ......................                [ 46%]
tests/test_distribution.py ...                                           [ 47%]
tests/test_docx_renderer.py ..................                           [ 54%]
tests/test_frontend_contract.py ...                                      [ 55%]
tests/test_http_adapter.py .                                             [ 56%]
tests/test_math.py .......                                               [ 58%]
tests/test_parser.py .........                                           [ 62%]
tests/test_preview_presentation.py ....                                  [ 64%]
tests/test_prototype_acceptance.py .........                             [ 67%]
tests/test_render_plan.py ....                                           [ 69%]
tests/test_sidecar.py ...                                                [ 70%]
tests/test_template.py .........                                         [ 73%]
tests/test_ui_controller.py ..........................................   [ 90%]
tests/test_ui_filesystem.py ....                                         [ 91%]
tests/test_ui_models.py .........                                        [ 95%]
tests/test_validator.py ............                                     [100%]

============================= 256 passed in 11.07s =============================
.venv/bin/python -m ruff check .
All checks passed!
.venv/bin/python -m pip check
No broken requirements found.
.venv/bin/python -m build --no-isolation --outdir "dist/python"
* Getting build dependencies for sdist...
* Building sdist...
* Building wheel from sdist
* Getting build dependencies for wheel...
* Building wheel...
Successfully built thesis_forge-0.1.0.tar.gz and thesis_forge-0.1.0-py3-none-any.whl
.venv/bin/python scripts/verify_distribution.py --dist-dir "dist/python"
{
  "ok": true,
  "wheel": {
    "path": "/Volumes/zwl/open_sources/thesis-forge/dist/python/thesis_forge-0.1.0-py3-none-any.whl",
    "sha256": "b7ed60dfbc19afc17fe10d992d41f1136784e71868160e83d5a5f93cc6ebc176",
    "files": 63
  },
  "sdist": {
    "path": "/Volumes/zwl/open_sources/thesis-forge/dist/python/thesis_forge-0.1.0.tar.gz",
    "sha256": "f7fa9b79b879a08de67aaf8fc1b53e120c2dabe2497f735802a3feb49372774b",
    "files": 112
  },
  "installed": {
    "hermetic": true,
    "dependencies": {
      "distributions": [
        "annotated-doc",
        "annotated-types",
        "lxml",
        "markdown-it-py",
        "mdurl",
        "pydantic",
        "pydantic_core",
        "Pygments",
        "python-docx",
        "PyYAML",
        "rich",
        "shellingham",
        "typer",
        "typing-inspection",
        "typing_extensions"
      ],
      "files": 1881
    },
    "imports": {
      "thesis_forge": "/private/var/folders/1v/8sfc4rjx1834mzlqzxqr8lr40000gn/T/thesisforge-dist-5afi7sp3/install/lib/python3.14/site-packages/thesis_forge/__init__.py",
      "docx": "/private/var/folders/1v/8sfc4rjx1834mzlqzxqr8lr40000gn/T/thesisforge-dist-5afi7sp3/install/lib/python3.14/site-packages/docx/__init__.py",
      "lxml": "/private/var/folders/1v/8sfc4rjx1834mzlqzxqr8lr40000gn/T/thesisforge-dist-5afi7sp3/install/lib/python3.14/site-packages/lxml/__init__.py",
      "pydantic": "/private/var/folders/1v/8sfc4rjx1834mzlqzxqr8lr40000gn/T/thesisforge-dist-5afi7sp3/install/lib/python3.14/site-packages/pydantic/__init__.py",
      "rich": "/private/var/folders/1v/8sfc4rjx1834mzlqzxqr8lr40000gn/T/thesisforge-dist-5afi7sp3/install/lib/python3.14/site-packages/rich/__init__.py",
      "typer": "/private/var/folders/1v/8sfc4rjx1834mzlqzxqr8lr40000gn/T/thesisforge-dist-5afi7sp3/install/lib/python3.14/site-packages/typer/__init__.py",
      "yaml": "/private/var/folders/1v/8sfc4rjx1834mzlqzxqr8lr40000gn/T/thesisforge-dist-5afi7sp3/install/lib/python3.14/site-packages/yaml/__init__.py"
    },
    "sys_path": [
      "",
      "/var/folders/1v/8sfc4rjx1834mzlqzxqr8lr40000gn/T/thesisforge-dist-5afi7sp3/install/lib/python3.14/site-packages",
      "/opt/homebrew/Cellar/python@3.14/3.14.4/Frameworks/Python.framework/Versions/3.14/lib/python314.zip",
      "/opt/homebrew/Cellar/python@3.14/3.14.4/Frameworks/Python.framework/Versions/3.14/lib/python3.14",
      "/opt/homebrew/Cellar/python@3.14/3.14.4/Frameworks/Python.framework/Versions/3.14/lib/python3.14/lib-dynload"
    ],
    "templates": "/var/folders/1v/8sfc4rjx1834mzlqzxqr8lr40000gn/T/thesisforge-dist-5afi7sp3/install/lib/python3.14/site-packages/thesis_forge/template_data",
    "docx_bytes": 187059,
    "docx_sha256": "c70abd09c7fcd486ac488a986bab840ed14fe828a37026b3af26afc96efacc1e"
  }
}
pnpm frontend:test

> thesis-forge-workspace@ frontend:test /Volumes/zwl/open_sources/thesis-forge
> pnpm --dir frontend test


> @thesis-forge/workbench@0.1.0 test /Volumes/zwl/open_sources/thesis-forge/frontend
> vitest run


 RUN  v4.1.10 /Volumes/zwl/open_sources/thesis-forge/frontend


 Test Files  12 passed (12)
      Tests  53 passed (53)
   Start at  01:46:19
   Duration  4.45s (transform 816ms, setup 2.76s, import 3.33s, tests 1.76s, environment 18.77s)

pnpm frontend:typecheck

> thesis-forge-workspace@ frontend:typecheck /Volumes/zwl/open_sources/thesis-forge
> pnpm --dir frontend typecheck


> @thesis-forge/workbench@0.1.0 typecheck /Volumes/zwl/open_sources/thesis-forge/frontend
> tsc -b --pretty false

pnpm frontend:lint

> thesis-forge-workspace@ frontend:lint /Volumes/zwl/open_sources/thesis-forge
> pnpm --dir frontend lint


> @thesis-forge/workbench@0.1.0 lint /Volumes/zwl/open_sources/thesis-forge/frontend
> node scripts/lint.mjs

pnpm frontend:build

> thesis-forge-workspace@ frontend:build /Volumes/zwl/open_sources/thesis-forge
> pnpm --dir frontend build


> @thesis-forge/workbench@0.1.0 build /Volumes/zwl/open_sources/thesis-forge/frontend
> tsc -b && vite build

vite v8.2.0 building client environment for production...
[2Ktransforming...✓ 1801 modules transformed.
rendering chunks...
computing gzip size...
dist/index.html                   0.57 kB │ gzip:  0.36 kB
dist/assets/index-DDryOnn0.css   15.02 kB │ gzip:  3.91 kB
dist/assets/index-HRvCLWfG.js   235.54 kB │ gzip: 73.45 kB

✓ built in 531ms
pnpm frontend:e2e

> thesis-forge-workspace@ frontend:e2e /Volumes/zwl/open_sources/thesis-forge
> pnpm --dir frontend e2e && pnpm --dir frontend exec playwright test --config e2e/real-http.playwright.config.ts


> @thesis-forge/workbench@0.1.0 e2e /Volumes/zwl/open_sources/thesis-forge/frontend
> playwright test

[WebServer] (node:21654) Warning: The 'NO_COLOR' env is ignored due to the 'FORCE_COLOR' env being set.
[WebServer] (Use `node --trace-warnings ...` to show where the warning was created)
[WebServer] (node:21674) Warning: The 'NO_COLOR' env is ignored due to the 'FORCE_COLOR' env being set.
[WebServer] (Use `node --trace-warnings ...` to show where the warning was created)

Running 33 tests using 4 workers

(node:21683) Warning: The 'NO_COLOR' env is ignored due to the 'FORCE_COLOR' env being set.
(Use `node --trace-warnings ...` to show where the warning was created)
(node:21684) Warning: The 'NO_COLOR' env is ignored due to the 'FORCE_COLOR' env being set.
(Use `node --trace-warnings ...` to show where the warning was created)
(node:21685) Warning: The 'NO_COLOR' env is ignored due to the 'FORCE_COLOR' env being set.
(Use `node --trace-warnings ...` to show where the warning was created)
(node:21686) Warning: The 'NO_COLOR' env is ignored due to the 'FORCE_COLOR' env being set.
(Use `node --trace-warnings ...` to show where the warning was created)
  ✓   3 [desktop-chromium] › e2e/workbench.spec.ts:18:1 › launches the shared workbench with keyboard-visible controls (895ms)
  ✓   2 [minimum-desktop-chromium] › e2e/workbench.spec.ts:18:1 › launches the shared workbench with keyboard-visible controls (896ms)
  ✓   1 [minimum-desktop-chromium] › e2e/acceptance.spec.ts:42:1 › verifies empty, disabled, keyboard-focus, contrast, resize, and reduced motion (935ms)
  ✓   4 [desktop-chromium] › e2e/acceptance.spec.ts:42:1 › verifies empty, disabled, keyboard-focus, contrast, resize, and reduced motion (961ms)
  -   5 [desktop-chromium] › e2e/workbench.spec.ts:41:1 › uses mobile panel navigation without horizontal overflow
  -   6 [minimum-desktop-chromium] › e2e/workbench.spec.ts:41:1 › uses mobile panel navigation without horizontal overflow
  -   8 [desktop-chromium] › e2e/acceptance.spec.ts:91:1 › saves with Ctrl+S when the minimum desktop toolbar hides secondary actions
  -  10 [minimum-desktop-chromium] › e2e/workbench.spec.ts:59:1 › keeps the product identity and compact actions visible on mobile
  -   9 [desktop-chromium] › e2e/workbench.spec.ts:59:1 › keeps the product identity and compact actions visible on mobile
  -  12 [minimum-desktop-chromium] › e2e/workbench.spec.ts:82:1 › opens, edits, explicitly saves, refreshes, and builds through HTTP
  -  14 [minimum-desktop-chromium] › e2e/workbench.spec.ts:207:1 › cancels an active Web build and retries without losing prior output
  -  15 [minimum-desktop-chromium] › e2e/workbench.spec.ts:303:1 › selects a template and blocks build on an activated fatal diagnostic
  ✓   7 [minimum-desktop-chromium] › e2e/acceptance.spec.ts:91:1 › saves with Ctrl+S when the minimum desktop toolbar hides secondary actions (696ms)
  ✓  11 [desktop-chromium] › e2e/acceptance.spec.ts:158:1 › verifies loading and permission recovery without losing the opened source (633ms)
  -  17 [minimum-desktop-chromium] › e2e/acceptance.spec.ts:158:1 › verifies loading and permission recovery without losing the opened source
  -  19 [minimum-desktop-chromium] › e2e/acceptance.spec.ts:218:1 › verifies populated, dirty, and successful output states with the complete preview
  ✓  16 [minimum-desktop-chromium] › e2e/workbench.spec.ts:398:1 › preserves keyboard focus order and panel resizing at desktop widths (474ms)
  ✓  13 [desktop-chromium] › e2e/workbench.spec.ts:82:1 › opens, edits, explicitly saves, refreshes, and builds through HTTP (851ms)
(node:21731) Warning: The 'NO_COLOR' env is ignored due to the 'FORCE_COLOR' env being set.
(Use `node --trace-warnings ...` to show where the warning was created)
(node:21733) Warning: The 'NO_COLOR' env is ignored due to the 'FORCE_COLOR' env being set.
(Use `node --trace-warnings ...` to show where the warning was created)
  ✓  18 [desktop-chromium] › e2e/acceptance.spec.ts:218:1 › verifies populated, dirty, and successful output states with the complete preview (664ms)
  ✓  20 [desktop-chromium] › e2e/workbench.spec.ts:207:1 › cancels an active Web build and retries without losing prior output (592ms)
  -  21 [mobile-chromium] › e2e/acceptance.spec.ts:42:1 › verifies empty, disabled, keyboard-focus, contrast, resize, and reduced motion
  -  24 [mobile-chromium] › e2e/acceptance.spec.ts:91:1 › saves with Ctrl+S when the minimum desktop toolbar hides secondary actions
  -  25 [mobile-chromium] › e2e/acceptance.spec.ts:158:1 › verifies loading and permission recovery without losing the opened source
  -  26 [mobile-chromium] › e2e/acceptance.spec.ts:218:1 › verifies populated, dirty, and successful output states with the complete preview
  ✓  22 [desktop-chromium] › e2e/workbench.spec.ts:303:1 › selects a template and blocks build on an activated fatal diagnostic (505ms)
  ✓  23 [mobile-chromium] › e2e/workbench.spec.ts:18:1 › launches the shared workbench with keyboard-visible controls (393ms)
  ✓  27 [desktop-chromium] › e2e/workbench.spec.ts:398:1 › preserves keyboard focus order and panel resizing at desktop widths (300ms)
  ✓  28 [mobile-chromium] › e2e/workbench.spec.ts:41:1 › uses mobile panel navigation without horizontal overflow (357ms)
  ✓  29 [mobile-chromium] › e2e/workbench.spec.ts:59:1 › keeps the product identity and compact actions visible on mobile (283ms)
  -  30 [mobile-chromium] › e2e/workbench.spec.ts:82:1 › opens, edits, explicitly saves, refreshes, and builds through HTTP
  -  31 [mobile-chromium] › e2e/workbench.spec.ts:207:1 › cancels an active Web build and retries without losing prior output
  -  32 [mobile-chromium] › e2e/workbench.spec.ts:303:1 › selects a template and blocks build on an activated fatal diagnostic
  -  33 [mobile-chromium] › e2e/workbench.spec.ts:398:1 › preserves keyboard focus order and panel resizing at desktop widths

  18 skipped
  15 passed (6.4s)
[WebServer] (node:21772) Warning: The 'NO_COLOR' env is ignored due to the 'FORCE_COLOR' env being set.
[WebServer] (Use `node --trace-warnings ...` to show where the warning was created)
[WebServer] (node:21810) Warning: The 'NO_COLOR' env is ignored due to the 'FORCE_COLOR' env being set.
[WebServer] (Use `node --trace-warnings ...` to show where the warning was created)
[WebServer] 127.0.0.1 - - [03/Aug/2026 01:46:36] "GET / HTTP/1.1" 200 579

Running 1 test using 1 worker

(node:21819) Warning: The 'NO_COLOR' env is ignored due to the 'FORCE_COLOR' env being set.
(Use `node --trace-warnings ...` to show where the warning was created)
[WebServer] 127.0.0.1 - - [03/Aug/2026 01:46:37] "GET / HTTP/1.1" 200 579
[WebServer] 127.0.0.1 - - [03/Aug/2026 01:46:37] "GET /assets/index-DDryOnn0.css HTTP/1.1" 200 15022
[WebServer] 127.0.0.1 - - [03/Aug/2026 01:46:37] "GET /assets/index-HRvCLWfG.js HTTP/1.1" 200 235548
[WebServer] 127.0.0.1 - - [03/Aug/2026 01:46:37] "POST /api/v1/workspaces HTTP/1.1" 201 439
[WebServer] 127.0.0.1 - - [03/Aug/2026 01:46:37] "POST /api/v1/dispatch HTTP/1.1" 200 943
[WebServer] 127.0.0.1 - - [03/Aug/2026 01:46:37] "POST /api/v1/dispatch HTTP/1.1" 200 145
[WebServer] 127.0.0.1 - - [03/Aug/2026 01:46:37] "POST /api/v1/dispatch HTTP/1.1" 200 983
[WebServer] 127.0.0.1 - - [03/Aug/2026 01:46:37] "POST /api/v1/dispatch HTTP/1.1" 200 983
[WebServer] 127.0.0.1 - - [03/Aug/2026 01:46:37] "POST /api/v1/build-stream HTTP/1.1" 200 822
  ✓  1 [real-http-chromium] › e2e/real-http.acceptance.ts:30:1 › runs the Web workbench through the real Python HTTP adapter (466ms)

  1 passed (3.2s)
cargo fmt --manifest-path src-tauri/Cargo.toml -- --check
cargo test --manifest-path src-tauri/Cargo.toml
   Compiling proc-macro2 v1.0.107
   Compiling quote v1.0.47
   Compiling unicode-ident v1.0.24
   Compiling libc v0.2.189
   Compiling serde_core v1.0.229
   Compiling memchr v2.8.3
   Compiling smallvec v1.15.2
   Compiling writeable v0.6.3
   Compiling siphasher v1.0.3
   Compiling litemap v0.8.2
   Compiling cfg-if v1.0.4
   Compiling phf_shared v0.13.1
   Compiling utf8_iter v1.0.4
   Compiling itoa v1.0.18
   Compiling fastrand v2.5.0
   Compiling phf_generator v0.13.1
   Compiling icu_properties_data v2.2.0
   Compiling icu_normalizer_data v2.2.0
   Compiling stable_deref_trait v1.2.1
   Compiling zmij v1.0.23
   Compiling shlex v2.0.1
   Compiling find-msvc-tools v0.1.9
   Compiling serde v1.0.229
   Compiling time-core v0.1.9
   Compiling cc v1.4.0
   Compiling winnow v1.0.4
   Compiling num-conv v0.2.2
   Compiling phf_codegen v0.13.1
   Compiling powerfmt v0.2.0
   Compiling syn v2.0.119
   Compiling syn v3.0.3
   Compiling toml_parser v1.1.3+spec-1.1.0
   Compiling typeid v1.0.3
   Compiling toml_writer v1.1.2+spec-1.1.0
   Compiling serde_json v1.0.151
   Compiling ident_case v1.0.1
   Compiling log v0.4.33
   Compiling deranged v0.5.8
   Compiling strsim v0.11.1
   Compiling erased-serde v0.4.10
   Compiling parking_lot_core v0.9.12
   Compiling byteorder v1.5.0
   Compiling thiserror v2.0.19
   Compiling bitflags v2.13.1
   Compiling aho-corasick v1.1.4
   Compiling regex-syntax v0.8.11
   Compiling thiserror v1.0.69
   Compiling fnv v1.0.7
   Compiling new_debug_unreachable v1.0.6
   Compiling unic-char-range v0.9.0
   Compiling unic-common v0.9.0
   Compiling getrandom v0.4.3
   Compiling scopeguard v1.2.0
   Compiling unic-ucd-version v0.9.0
   Compiling lock_api v0.4.14
   Compiling unic-char-property v0.9.0
   Compiling objc2-exception-helper v0.1.1
   Compiling string_cache_codegen v0.6.1
   Compiling precomputed-hash v0.1.1
   Compiling equivalent v1.0.2
   Compiling hashbrown v0.17.1
   Compiling alloc-no-stdlib v2.0.4
   Compiling bytes v1.12.1
   Compiling alloc-stdlib v0.2.4
   Compiling synstructure v0.13.2
   Compiling darling_core v0.23.0
   Compiling regex-automata v0.4.16
   Compiling indexmap v2.14.0
   Compiling web_atoms v0.2.5
   Compiling serde_derive v1.0.229
   Compiling displaydoc v0.2.7
   Compiling thiserror-impl v2.0.19
   Compiling parking_lot v0.12.5
   Compiling unic-ucd-ident v0.9.0
   Compiling zerofrom-derive v0.1.7
   Compiling yoke-derive v0.8.2
   Compiling zerovec-derive v0.11.3
   Compiling phf_macros v0.13.1
   Compiling darling_macro v0.23.0
   Compiling thiserror-impl v1.0.69
   Compiling phf v0.13.1
   Compiling regex v1.13.1
   Compiling darling v0.23.0
   Compiling zerofrom v0.1.8
   Compiling serde_spanned v1.1.1
   Compiling serde_with_macros v3.21.0
   Compiling yoke v0.8.3
   Compiling quick-xml v0.41.0
   Compiling zerovec v0.11.6
   Compiling zerotrie v0.2.4
   Compiling base64 v0.22.1
   Compiling tinystr v0.8.3
   Compiling potential_utf v0.1.5
   Compiling anyhow v1.0.104
   Compiling icu_locale_core v2.2.0
   Compiling icu_collections v2.2.0
   Compiling string_cache v0.9.0
   Compiling http v1.5.0
   Compiling brotli-decompressor v5.0.3
   Compiling semver v1.0.28
   Compiling autocfg v1.5.1
   Compiling percent-encoding v2.3.2
   Compiling dtoa v1.0.11
   Compiling version_check v0.9.5
   Compiling dunce v1.0.5
   Compiling ctor-proc-macro v0.0.7
   Compiling objc2 v0.6.4
   Compiling icu_provider v2.2.0
   Compiling same-file v1.0.6
   Compiling walkdir v2.5.0
   Compiling indexmap v1.9.3
   Compiling icu_properties v2.2.0
   Compiling icu_normalizer v2.2.0
   Compiling ctor v0.8.0
   Compiling brotli v8.0.4
   Compiling dtoa-short v0.3.5
   Compiling form_urlencoded v1.2.2
   Compiling uuid v1.24.0
   Compiling cssparser-macros v0.6.1
   Compiling derive_more-impl v2.1.1
   Compiling tendril v0.5.1
   Compiling toml_datetime v1.1.1+spec-1.1.0
   Compiling selectors v0.36.1
   Compiling camino v1.2.5
   Compiling glob v0.3.4
   Compiling idna_adapter v1.2.2
   Compiling objc2-encode v4.1.0
   Compiling idna v1.1.0
   Compiling markup5ever v0.38.0
   Compiling toml v1.1.4+spec-1.1.0
   Compiling cssparser v0.36.0
   Compiling swift-rs v1.0.7
   Compiling url v2.5.8
   Compiling derive_more v2.1.1
   Compiling serde_derive_internals v0.29.1
   Compiling servo_arc v0.4.3
   Compiling hashbrown v0.12.3
   Compiling schemars v0.8.22
   Compiling bit-vec v0.8.0
   Compiling rustc-hash v2.1.3
   Compiling bit-set v0.8.0
   Compiling html5ever v0.38.0
   Compiling cfb v0.7.3
   Compiling schemars_derive v0.8.22
   Compiling cargo-platform v0.1.9
   Compiling jsonptr v0.6.3
   Compiling time v0.3.54
   Compiling dyn-clone v1.0.20
   Compiling foldhash v0.2.0
   Compiling base64 v0.21.7
   Compiling dom_query v0.27.0
   Compiling serde-untagged v0.1.9
   Compiling json-patch v3.0.1
   Compiling infer v0.19.0
   Compiling cargo_metadata v0.19.2
   Compiling urlpattern v0.3.0
   Compiling serde_with v3.21.0
   Compiling objc2-core-foundation v0.3.2
   Compiling block2 v0.6.2
   Compiling option-ext v0.2.0
   Compiling dirs-sys v0.5.0
   Compiling plist v1.10.0
   Compiling simd-adler32 v0.3.10
   Compiling objc2-foundation v0.3.2
   Compiling crc32fast v1.5.0
   Compiling dirs v6.0.0
   Compiling generic-array v0.14.7
   Compiling rustc_version v0.4.1
   Compiling tauri-utils v2.9.3
   Compiling toml_datetime v0.7.5+spec-1.1.0
   Compiling winnow v0.7.15
   Compiling adler2 v2.0.1
   Compiling miniz_oxide v0.8.9
   Compiling embed-resource v3.0.11
   Compiling time-macros v0.2.32
   Compiling typenum v1.20.1
   Compiling heck v0.5.0
   Compiling flate2 v1.1.9
   Compiling tauri-winres v0.3.6
   Compiling toml v0.9.12+spec-1.1.0
   Compiling fdeflate v0.3.7
   Compiling crossbeam-utils v0.8.22
   Compiling raw-window-handle v0.6.2
   Compiling dpi v0.1.2
   Compiling cargo_toml v0.22.3
   Compiling cookie v0.18.1
   Compiling errno v0.3.14
   Compiling core-foundation-sys v0.8.7
   Compiling once_cell v1.21.4
   Compiling core-foundation v0.10.1
   Compiling objc2-app-kit v0.3.2
   Compiling crypto-common v0.1.7
   Compiling block-buffer v0.10.4
   Compiling foreign-types-macros v0.2.4
   Compiling bitflags v1.3.2
   Compiling foreign-types-shared v0.3.1
   Compiling png v0.17.16
   Compiling foreign-types v0.5.0
   Compiling digest v0.10.7
   Compiling crossbeam-channel v0.5.16
   Compiling core-graphics-types v0.2.0
   Compiling dispatch2 v0.3.1
   Compiling cpufeatures v0.2.17
   Compiling tauri-build v2.6.3
   Compiling tauri-runtime v2.11.3
   Compiling wry v0.55.1
   Compiling signal-hook v0.3.18
   Compiling tauri-plugin v2.6.3
   Compiling sha2 v0.10.9
   Compiling core-graphics v0.25.0
   Compiling ico v0.5.0
   Compiling signal-hook-registry v1.4.8
   Compiling tauri-runtime-wry v2.11.4
   Compiling unicode-segmentation v1.13.3
   Compiling getrandom v0.3.4
   Compiling tauri-codegen v2.6.3
   Compiling png v0.18.1
   Compiling keyboard-types v0.7.0
   Compiling objc2-web-kit v0.3.2
   Compiling tao v0.35.3
   Compiling serialize-to-javascript-impl v0.1.2
   Compiling os_pipe v1.2.3
   Compiling pin-project-lite v0.2.17
   Compiling serialize-to-javascript v0.1.2
   Compiling tokio v1.53.1
   Compiling sigchld v0.2.4
   Compiling muda v0.19.3
   Compiling window-vibrancy v0.6.0
   Compiling serde_repr v0.1.21
   Compiling mime v0.3.17
   Compiling embed_plist v1.2.2
   Compiling rfd v0.15.4
   Compiling shared_child v1.1.1
   Compiling open v5.4.0
   Compiling encoding_rs v0.8.35
   Compiling rustix v1.1.4
   Compiling tauri v2.11.5
   Compiling tauri-plugin-shell v2.3.5
   Compiling tauri-macros v2.6.3
   Compiling thesisforge-desktop v0.1.0 (/Volumes/zwl/open_sources/thesis-forge/src-tauri)
   Compiling tempfile v3.27.0
    Finished `test` profile [unoptimized + debuginfo] target(s) in 36.31s
     Running unittests src/lib.rs (src-tauri/target/debug/deps/thesisforge_desktop-ce597acdb6122a4e)

running 0 tests

test result: ok. 0 passed; 0 failed; 0 ignored; 0 measured; 0 filtered out; finished in 0.00s

     Running unittests src/main.rs (src-tauri/target/debug/deps/thesisforge_desktop-c2da7f6b0718a3fa)

running 0 tests

test result: ok. 0 passed; 0 failed; 0 ignored; 0 measured; 0 filtered out; finished in 0.00s

     Running tests/protocol_contract.rs (src-tauri/target/debug/deps/protocol_contract-5bf3f0d944571f13)

running 11 tests
test keeps_webview_remote_debugging_disabled_without_the_acceptance_port ... ok
test keeps_the_native_acceptance_source_seam_disabled_by_default ... ok
test builds_loopback_only_webview2_arguments_for_native_acceptance ... ok
test accepts_the_shared_versioned_request_envelope ... ok
test rejects_a_request_without_an_object_payload ... ok
test reads_a_native_markdown_source_into_the_shared_source_dto ... ok
test rejects_non_markdown_sources_at_the_native_boundary ... ok
test accepts_the_long_markdown_extension ... ok
test rejects_protocol_drift_before_spawning_python ... ok
test rejects_unsafe_native_acceptance_cdp_ports ... ok
test opens_the_explicit_native_acceptance_source_without_a_system_picker ... ok

test result: ok. 11 passed; 0 failed; 0 ignored; 0 measured; 0 filtered out; finished in 0.00s

   Doc-tests thesisforge_desktop

running 0 tests

test result: ok. 0 passed; 0 failed; 0 ignored; 0 measured; 0 filtered out; finished in 0.00s

cargo check --manifest-path src-tauri/Cargo.toml
   Compiling siphasher v1.0.3
    Checking serde_core v1.0.229
   Compiling cfg-if v1.0.4
   Compiling libc v0.2.189
   Compiling memchr v2.8.3
   Compiling zerofrom v0.1.8
   Compiling smallvec v1.15.2
   Compiling itoa v1.0.18
   Compiling num-conv v0.2.2
   Compiling phf_shared v0.13.1
   Compiling yoke v0.8.3
   Compiling time-core v0.1.9
   Compiling litemap v0.8.2
   Compiling writeable v0.6.3
   Compiling phf_generator v0.13.1
   Compiling zerovec v0.11.6
   Compiling zerotrie v0.2.4
   Compiling phf_codegen v0.13.1
   Compiling zmij v1.0.23
   Compiling utf8_iter v1.0.4
   Compiling phf_macros v0.13.1
    Checking stable_deref_trait v1.2.1
   Compiling parking_lot_core v0.9.12
   Compiling string_cache_codegen v0.6.1
   Compiling serde_json v1.0.151
   Compiling icu_properties_data v2.2.0
   Compiling tinystr v0.8.3
   Compiling potential_utf v0.1.5
   Compiling icu_locale_core v2.2.0
   Compiling icu_collections v2.2.0
   Compiling icu_normalizer_data v2.2.0
   Compiling winnow v1.0.4
   Compiling getrandom v0.4.3
   Compiling web_atoms v0.2.5
   Compiling phf v0.13.1
    Checking bitflags v2.13.1
   Compiling toml_parser v1.1.3+spec-1.1.0
   Compiling parking_lot v0.12.5
   Compiling serde_spanned v1.1.1
   Compiling toml_writer v1.1.2+spec-1.1.0
   Compiling string_cache v0.9.0
   Compiling icu_provider v2.2.0
   Compiling log v0.4.33
   Compiling form_urlencoded v1.2.2
   Compiling uuid v1.24.0
    Checking serde v1.0.229
    Checking objc2-exception-helper v0.1.1
   Compiling selectors v0.36.1
   Compiling aho-corasick v1.1.4
   Compiling icu_normalizer v2.2.0
   Compiling icu_properties v2.2.0
   Compiling toml_datetime v1.1.1+spec-1.1.0
   Compiling unic-char-range v0.9.0
   Compiling regex-syntax v0.8.11
    Checking objc2-encode v4.1.0
   Compiling byteorder v1.5.0
   Compiling alloc-no-stdlib v2.0.4
   Compiling unic-common v0.9.0
    Checking objc2 v0.6.4
   Compiling alloc-stdlib v0.2.4
   Compiling markup5ever v0.38.0
   Compiling unic-ucd-version v0.9.0
   Compiling toml v1.1.4+spec-1.1.0
   Compiling unic-char-property v0.9.0
   Compiling cssparser v0.36.0
   Compiling swift-rs v1.0.7
   Compiling idna_adapter v1.2.2
   Compiling idna v1.1.0
   Compiling typeid v1.0.3
   Compiling fnv v1.0.7
   Compiling deranged v0.5.8
   Compiling powerfmt v0.2.0
   Compiling hashbrown v0.17.1
   Compiling url v2.5.8
   Compiling equivalent v1.0.2
   Compiling regex-automata v0.4.16
   Compiling indexmap v2.14.0
   Compiling cfb v0.7.3
   Compiling time v0.3.54
   Compiling erased-serde v0.4.10
   Compiling unic-ucd-ident v0.9.0
   Compiling html5ever v0.38.0
   Compiling brotli-decompressor v5.0.3
   Compiling jsonptr v0.6.3
   Compiling thiserror v1.0.69
   Compiling thiserror v2.0.19
   Compiling quick-xml v0.41.0
   Compiling base64 v0.22.1
   Compiling dunce v1.0.5
   Compiling bytes v1.12.1
   Compiling same-file v1.0.6
   Compiling schemars v0.8.22
   Compiling regex v1.13.1
   Compiling walkdir v2.5.0
   Compiling http v1.5.0
   Compiling urlpattern v0.3.0
   Compiling brotli v8.0.4
   Compiling plist v1.10.0
   Compiling dom_query v0.27.0
   Compiling json-patch v3.0.1
   Compiling cargo_metadata v0.19.2
   Compiling serde-untagged v0.1.9
   Compiling infer v0.19.0
   Compiling ctor v0.8.0
   Compiling serde_with v3.21.0
   Compiling anyhow v1.0.104
   Compiling glob v0.3.4
    Checking objc2-core-foundation v0.3.2
    Checking block2 v0.6.2
   Compiling option-ext v0.2.0
    Checking objc2-foundation v0.3.2
    Checking percent-encoding v2.3.2
   Compiling toml v0.9.12+spec-1.1.0
   Compiling dirs-sys v0.5.0
   Compiling embed-resource v3.0.11
   Compiling time-macros v0.2.32
   Compiling tauri-utils v2.9.3
   Compiling simd-adler32 v0.3.10
   Compiling heck v0.5.0
   Compiling cargo_toml v0.22.3
   Compiling tauri-winres v0.3.6
   Compiling dirs v6.0.0
   Compiling adler2 v2.0.1
    Checking raw-window-handle v0.6.2
   Compiling miniz_oxide v0.8.9
   Compiling crc32fast v1.5.0
    Checking dpi v0.1.2
    Checking core-foundation-sys v0.8.7
    Checking objc2-app-kit v0.3.2
    Checking core-foundation v0.10.1
   Compiling flate2 v1.1.9
    Checking crossbeam-utils v0.8.22
   Compiling fdeflate v0.3.7
    Checking foreign-types-shared v0.3.1
    Checking once_cell v1.21.4
    Checking foreign-types v0.5.0
   Compiling png v0.17.16
    Checking crossbeam-channel v0.5.16
    Checking cookie v0.18.1
    Checking core-graphics-types v0.2.0
    Checking dispatch2 v0.3.1
    Checking errno v0.3.14
   Compiling cpufeatures v0.2.17
    Checking semver v1.0.28
   Compiling sha2 v0.10.9
    Checking signal-hook-registry v1.4.8
    Checking core-graphics v0.25.0
   Compiling ico v0.5.0
   Compiling tauri-build v2.6.3
   Compiling tauri-plugin v2.6.3
    Checking unicode-segmentation v1.13.3
    Checking png v0.18.1
   Compiling tauri-codegen v2.6.3
    Checking signal-hook v0.3.18
    Checking os_pipe v1.2.3
    Checking keyboard-types v0.7.0
    Checking objc2-web-kit v0.3.2
    Checking tao v0.35.3
    Checking pin-project-lite v0.2.17
    Checking tokio v1.53.1
    Checking wry v0.55.1
    Checking serialize-to-javascript v0.1.2
    Checking muda v0.19.3
    Checking sigchld v0.2.4
    Checking window-vibrancy v0.6.0
    Checking getrandom v0.3.4
    Checking mime v0.3.17
    Checking embed_plist v1.2.2
    Checking shared_child v1.1.1
    Checking encoding_rs v0.8.35
    Checking open v5.4.0
    Checking rfd v0.15.4
   Compiling tauri v2.11.5
   Compiling tauri-plugin-shell v2.3.5
   Compiling tauri-macros v2.6.3
   Compiling thesisforge-desktop v0.1.0 (/Volumes/zwl/open_sources/thesis-forge/src-tauri)
    Checking tauri-runtime v2.11.3
    Checking tauri-runtime-wry v2.11.4
    Finished `dev` profile [unoptimized + debuginfo] target(s) in 23.01s
.venv/bin/python scripts/build_sidecar.py --target-triple "aarch64-apple-darwin" --output-directory "src-tauri/binaries"
{
  "ok": true,
  "host": "aarch64-apple-darwin",
  "target": "aarch64-apple-darwin",
  "sidecar": "/Volumes/zwl/open_sources/thesis-forge/src-tauri/binaries/thesisforge-sidecar-aarch64-apple-darwin",
  "bytes": 21849664
}
.venv/bin/python scripts/verify_desktop_distribution.py --target-triple "aarch64-apple-darwin" --sidecar-directory "src-tauri/binaries" --sidecar-only
{
  "ok": true,
  "target": "aarch64-apple-darwin",
  "platform": "macos",
  "sidecar": {
    "path": "/Volumes/zwl/open_sources/thesis-forge/src-tauri/binaries/thesisforge-sidecar-aarch64-apple-darwin",
    "bytes": 21849664,
    "sha256": "cd7378b08637be7c1ac75554ca12f3d77de5952298489537301b37b5425773f8",
    "operations": [
      "inspect",
      "preview",
      "validate"
    ],
    "canceled": true,
    "buildStages": [
      "parse",
      "validate",
      "compile",
      "render",
      "finalize"
    ],
    "docxBytes": 187059,
    "docxSha256": "5d21e987af1f988ff2f421dede27c50d1524c37a4fad0815d38ffa06e3a09ffe",
    "reopened": true,
    "offline": true
  }
}
OPENSPEC_TELEMETRY=0 openspec validate "build-thesisforge-desktop-ui" --strict --no-interactive
Change 'build-thesisforge-desktop-ui' is valid
git diff --check
