# command: PYTHONPATH=src .venv/bin/python scripts/verify_desktop_distribution.py --platform macos --bundle-root src-tauri/target/release/bundle
# exit_status: 0
# duration_ms: 12402

## stdout
{
  "ok": true,
  "target": "aarch64-apple-darwin",
  "platform": "macos",
  "sidecar": {
    "path": "/Volumes/ThesisForgeCI/workspaces/thesis-forge-docforge-verify/src-tauri/binaries/docforge-sidecar-aarch64-apple-darwin",
    "bytes": 20775840,
    "sha256": "07b92b5a13a95507fbb04142bd9ce2a28d2cb4908d1faeed6b9e3e968c0401b8",
    "operations": [
      "inspect",
      "preview",
      "validate"
    ],
    "canceled": true,
    "buildStages": [
      "parse",
      "validate",
      "compile",
      "render",
      "finalize"
    ],
    "docxBytes": 27703,
    "docxSha256": "6f3d9629d3228348d9b3ba2a7eae73ae29641fe77b3729ddfeb8bd6bff1e3f92",
    "reopened": true,
    "offline": true
  },
  "web": {
    "path": "/Volumes/ThesisForgeCI/workspaces/thesis-forge-docforge-verify/dist/web",
    "files": 3,
    "indexSha256": "141e1515584e11f936afd9884c91d66eca81caddbea53c1de0219725326d8bc5"
  },
  "bundles": {
    "platform": "macos",
    "artifacts": {
      ".app": {
        "path": "/Volumes/ThesisForgeCI/workspaces/thesis-forge-docforge-verify/src-tauri/target/release/bundle/macos/DocForge.app",
        "bytes": 33312733,
        "managedSidecar": "/Volumes/ThesisForgeCI/workspaces/thesis-forge-docforge-verify/src-tauri/target/release/bundle/macos/DocForge.app/Contents/MacOS/docforge-sidecar"
      },
      ".dmg": {
        "path": "/Volumes/ThesisForgeCI/workspaces/thesis-forge-docforge-verify/src-tauri/target/release/bundle/dmg/DocForge_0.1.0_aarch64.dmg",
        "bytes": 24574887
      }
    }
  }
}


## stderr
(empty)
