# command: OPENSPEC_TELEMETRY=0 openspec validate docforge-project-format-v1 --strict --no-interactive --json
# exit_status: 0
# duration_ms: 295

## stdout
{
  "items": [
    {
      "id": "docforge-project-format-v1",
      "type": "change",
      "valid": true,
      "issues": [],
      "durationMs": 66
    }
  ],
  "summary": {
    "totals": {
      "items": 1,
      "passed": 1,
      "failed": 0
    },
    "byType": {
      "change": {
        "items": 1,
        "passed": 1,
        "failed": 0
      }
    }
  },
  "version": "1.0"
}


## stderr
(empty)
