# command: cargo test --manifest-path src-tauri/Cargo.toml
# exit_status: 0
# duration_ms: 133586

## stdout

running 0 tests

test result: ok. 0 passed; 0 failed; 0 ignored; 0 measured; 0 filtered out; finished in 0.00s


running 0 tests

test result: ok. 0 passed; 0 failed; 0 ignored; 0 measured; 0 filtered out; finished in 0.00s


running 22 tests
test accepts_the_shared_versioned_request_envelope ... ok
test accepts_only_strict_path_free_desktop_preview_descriptors ... ok
test authorization_handles_keep_same_named_pdfs_bound_to_their_selected_paths ... ok
test authorization_rejects_a_file_replaced_by_a_symlink_at_read_time ... ok
test accepts_the_long_markdown_extension ... ok
test builds_loopback_only_webview2_arguments_for_native_acceptance ... ok
test a_new_failed_or_canceled_build_revokes_the_previous_derived_authorization ... ok
test derives_only_the_fixed_preview_pdf_sibling ... ok
test a_new_build_revokes_authorization_after_the_old_preview_is_deleted ... ok
test keeps_the_native_acceptance_source_seam_disabled_by_default ... ok
test keeps_webview_remote_debugging_disabled_without_the_acceptance_port ... ok
test authorization_revalidates_symlinks_and_pdf_content_at_read_time ... ok
test authorization_rejects_descriptor_drift_and_revocation ... ok
test rejects_a_request_without_an_object_payload ... ok
test rejects_protocol_drift_before_spawning_python ... ok
test rejects_unsafe_native_acceptance_cdp_ports ... ok
test a_new_build_revokes_old_authorization_after_preview_becomes_a_symlink ... ok
test reads_a_native_markdown_source_into_the_shared_source_dto ... ok
test opens_the_explicit_native_acceptance_source_without_a_system_picker ... ok
test build_success_authorizes_only_the_derived_preview_and_injects_an_opaque_id ... ok
test rejects_non_markdown_sources_at_the_native_boundary ... ok
test reads_only_regular_pdf_signature_files ... ok

test result: ok. 22 passed; 0 failed; 0 ignored; 0 measured; 0 filtered out; finished in 0.00s


running 0 tests

test result: ok. 0 passed; 0 failed; 0 ignored; 0 measured; 0 filtered out; finished in 0.00s



## stderr
   Compiling proc-macro2 v1.0.107
   Compiling quote v1.0.47
   Compiling unicode-ident v1.0.24
   Compiling libc v0.2.189
   Compiling serde_core v1.0.229
   Compiling cfg-if v1.0.4
   Compiling smallvec v1.15.2
   Compiling memchr v2.8.3
   Compiling litemap v0.8.2
   Compiling writeable v0.6.3
   Compiling siphasher v1.0.3
   Compiling itoa v1.0.18
   Compiling utf8_iter v1.0.4
   Compiling phf_shared v0.13.1
   Compiling fastrand v2.5.0
   Compiling icu_properties_data v2.2.0
   Compiling icu_normalizer_data v2.2.0
   Compiling stable_deref_trait v1.2.1
   Compiling phf_generator v0.13.1
   Compiling zmij v1.0.23
   Compiling find-msvc-tools v0.1.9
   Compiling shlex v2.0.1
   Compiling serde v1.0.229
   Compiling getrandom v0.4.3
   Compiling cc v1.4.0
   Compiling time-core v0.1.9
   Compiling num-conv v0.2.2
   Compiling winnow v1.0.4
   Compiling phf_codegen v0.13.1
   Compiling powerfmt v0.2.0
   Compiling syn v2.0.119
   Compiling syn v3.0.3
   Compiling toml_writer v1.1.2+spec-1.1.0
   Compiling typeid v1.0.3
   Compiling ident_case v1.0.1
   Compiling deranged v0.5.8
   Compiling toml_parser v1.1.3+spec-1.1.0
   Compiling log v0.4.33
   Compiling serde_json v1.0.151
   Compiling strsim v0.11.1
   Compiling erased-serde v0.4.10
   Compiling thiserror v2.0.19
   Compiling byteorder v1.5.0
   Compiling parking_lot_core v0.9.12
   Compiling bitflags v2.13.1
   Compiling aho-corasick v1.1.4
   Compiling unic-char-range v0.9.0
   Compiling fnv v1.0.7
   Compiling new_debug_unreachable v1.0.6
   Compiling unic-common v0.9.0
   Compiling thiserror v1.0.69
   Compiling scopeguard v1.2.0
   Compiling regex-syntax v0.8.11
   Compiling unic-ucd-version v0.9.0
   Compiling lock_api v0.4.14
   Compiling unic-char-property v0.9.0
   Compiling objc2-exception-helper v0.1.1
   Compiling string_cache_codegen v0.6.1
   Compiling alloc-no-stdlib v2.0.4
   Compiling equivalent v1.0.2
   Compiling hashbrown v0.17.1
   Compiling precomputed-hash v0.1.1
   Compiling bytes v1.12.1
   Compiling web_atoms v0.2.5
   Compiling indexmap v2.14.0
   Compiling alloc-stdlib v0.2.4
   Compiling parking_lot v0.12.5
   Compiling unic-ucd-ident v0.9.0
   Compiling serde_spanned v1.1.1
   Compiling quick-xml v0.41.0
   Compiling base64 v0.22.1
   Compiling anyhow v1.0.104
   Compiling string_cache v0.9.0
   Compiling brotli-decompressor v5.0.3
   Compiling http v1.5.0
   Compiling regex-automata v0.4.16
   Compiling semver v1.0.28
   Compiling dtoa v1.0.11
   Compiling autocfg v1.5.1
   Compiling synstructure v0.13.2
   Compiling darling_core v0.23.0
   Compiling dunce v1.0.5
   Compiling ctor-proc-macro v0.0.7
   Compiling percent-encoding v2.3.2
   Compiling serde_derive v1.0.229
   Compiling displaydoc v0.2.7
   Compiling thiserror-impl v2.0.19
   Compiling objc2 v0.6.4
   Compiling version_check v0.9.5
   Compiling same-file v1.0.6
   Compiling walkdir v2.5.0
   Compiling ctor v0.8.0
   Compiling form_urlencoded v1.2.2
   Compiling indexmap v1.9.3
   Compiling dtoa-short v0.3.5
   Compiling brotli v8.0.4
   Compiling tendril v0.5.1
   Compiling uuid v1.24.0
   Compiling toml_datetime v1.1.1+spec-1.1.0
   Compiling selectors v0.36.1
   Compiling objc2-encode v4.1.0
   Compiling camino v1.2.5
   Compiling glob v0.3.4
   Compiling zerofrom-derive v0.1.7
   Compiling yoke-derive v0.8.2
   Compiling zerovec-derive v0.11.3
   Compiling phf_macros v0.13.1
   Compiling thiserror-impl v1.0.69
   Compiling darling_macro v0.23.0
   Compiling zerofrom v0.1.8
   Compiling yoke v0.8.3
   Compiling darling v0.23.0
   Compiling zerotrie v0.2.4
   Compiling phf v0.13.1
   Compiling zerovec v0.11.6
   Compiling serde_with_macros v3.21.0
   Compiling regex v1.13.1
   Compiling tinystr v0.8.3
   Compiling icu_locale_core v2.2.0
   Compiling potential_utf v0.1.5
   Compiling icu_collections v2.2.0
   Compiling cssparser-macros v0.6.1
   Compiling derive_more-impl v2.1.1
   Compiling cssparser v0.36.0
   Compiling swift-rs v1.0.7
   Compiling markup5ever v0.38.0
   Compiling toml v1.1.4+spec-1.1.0
   Compiling serde_derive_internals v0.29.1
   Compiling servo_arc v0.4.3
   Compiling bit-vec v0.8.0
   Compiling derive_more v2.1.1
   Compiling rustc-hash v2.1.3
   Compiling schemars v0.8.22
   Compiling hashbrown v0.12.3
   Compiling bit-set v0.8.0
   Compiling html5ever v0.38.0
   Compiling icu_provider v2.2.0
   Compiling schemars_derive v0.8.22
   Compiling icu_normalizer v2.2.0
   Compiling icu_properties v2.2.0
   Compiling cargo-platform v0.1.9
   Compiling jsonptr v0.6.3
   Compiling cfb v0.7.3
   Compiling time v0.3.54
   Compiling dyn-clone v1.0.20
   Compiling foldhash v0.2.0
   Compiling base64 v0.21.7
   Compiling dom_query v0.27.0
   Compiling json-patch v3.0.1
   Compiling serde-untagged v0.1.9
   Compiling infer v0.19.0
   Compiling cargo_metadata v0.19.2
   Compiling serde_with v3.21.0
   Compiling idna_adapter v1.2.2
   Compiling idna v1.1.0
   Compiling objc2-core-foundation v0.3.2
   Compiling block2 v0.6.2
   Compiling option-ext v0.2.0
   Compiling dirs-sys v0.5.0
   Compiling url v2.5.8
   Compiling simd-adler32 v0.3.10
   Compiling crc32fast v1.5.0
   Compiling urlpattern v0.3.0
   Compiling plist v1.10.0
   Compiling dirs v6.0.0
   Compiling generic-array v0.14.7
   Compiling objc2-foundation v0.3.2
   Compiling rustc_version v0.4.1
   Compiling toml_datetime v0.7.5+spec-1.1.0
   Compiling adler2 v2.0.1
   Compiling winnow v0.7.15
   Compiling miniz_oxide v0.8.9
   Compiling embed-resource v3.0.11
   Compiling tauri-utils v2.9.3
   Compiling time-macros v0.2.32
   Compiling typenum v1.20.1
   Compiling heck v0.5.0
   Compiling flate2 v1.1.9
   Compiling tauri-winres v0.3.6
   Compiling fdeflate v0.3.7
   Compiling toml v0.9.12+spec-1.1.0
   Compiling crossbeam-utils v0.8.22
   Compiling raw-window-handle v0.6.2
   Compiling dpi v0.1.2
   Compiling cookie v0.18.1
   Compiling errno v0.3.14
   Compiling once_cell v1.21.4
   Compiling core-foundation-sys v0.8.7
   Compiling core-foundation v0.10.1
   Compiling crypto-common v0.1.7
   Compiling block-buffer v0.10.4
   Compiling foreign-types-macros v0.2.4
   Compiling cargo_toml v0.22.3
   Compiling foreign-types-shared v0.3.1
   Compiling bitflags v1.3.2
   Compiling png v0.17.16
   Compiling foreign-types v0.5.0
   Compiling digest v0.10.7
   Compiling core-graphics-types v0.2.0
   Compiling crossbeam-channel v0.5.16
   Compiling dispatch2 v0.3.1
   Compiling objc2-app-kit v0.3.2
   Compiling cpufeatures v0.2.17
   Compiling signal-hook v0.3.18
   Compiling wry v0.55.1
   Compiling tauri-runtime v2.11.3
   Compiling sha2 v0.10.9
   Compiling core-graphics v0.25.0
   Compiling ico v0.5.0
   Compiling signal-hook-registry v1.4.8
   Compiling unicode-segmentation v1.13.3
   Compiling tauri-runtime-wry v2.11.4
   Compiling getrandom v0.3.4
   Compiling keyboard-types v0.7.0
   Compiling png v0.18.1
   Compiling serialize-to-javascript-impl v0.1.2
   Compiling os_pipe v1.2.3
   Compiling pin-project-lite v0.2.17
   Compiling tokio v1.53.1
   Compiling serialize-to-javascript v0.1.2
   Compiling sigchld v0.2.4
   Compiling serde_repr v0.1.21
   Compiling embed_plist v1.2.2
   Compiling rfd v0.15.4
   Compiling mime v0.3.17
   Compiling shared_child v1.1.1
   Compiling open v5.4.0
   Compiling encoding_rs v0.8.35
   Compiling rustix v1.1.4
   Compiling tauri-build v2.6.3
   Compiling tauri-plugin v2.6.3
   Compiling tauri-codegen v2.6.3
   Compiling tempfile v3.27.0
   Compiling objc2-web-kit v0.3.2
   Compiling tao v0.35.3
   Compiling muda v0.19.3
   Compiling window-vibrancy v0.6.0
   Compiling tauri v2.11.5
   Compiling tauri-plugin-shell v2.3.5
   Compiling tauri-macros v2.6.3
   Compiling thesisforge-desktop v0.1.0 (/private/tmp/thesis-forge-dual-preview-evidence/src-tauri)
    Finished `test` profile [unoptimized + debuginfo] target(s) in 2m 12s
     Running unittests src/lib.rs (src-tauri/target/debug/deps/thesisforge_desktop-749bda0544a0c360)
     Running unittests src/main.rs (src-tauri/target/debug/deps/thesisforge_desktop-c043722f63e9f64d)
     Running tests/protocol_contract.rs (src-tauri/target/debug/deps/protocol_contract-12f1d022dd4ab69d)
   Doc-tests thesisforge_desktop
