# command: pnpm --dir frontend exec playwright test --workers=1
# exit_status: 0
# duration_ms: 105172

## stdout

Running 36 tests using 1 worker

  ✓   1 [desktop-chromium] › e2e/acceptance.spec.ts:42:1 › verifies empty, disabled, keyboard-focus, contrast, resize, and reduced motion (1.3s)
  -   2 [desktop-chromium] › e2e/acceptance.spec.ts:91:1 › saves with Ctrl+S when the minimum desktop toolbar hides secondary actions
  ✓   3 [desktop-chromium] › e2e/acceptance.spec.ts:158:1 › verifies loading and permission recovery without losing the opened source (533ms)
  ✓   4 [desktop-chromium] › e2e/acceptance.spec.ts:218:1 › verifies populated, dirty, and successful output states with the complete preview (687ms)
  ✓   5 [desktop-chromium] › e2e/workbench.spec.ts:46:1 › launches the shared workbench with keyboard-visible controls (341ms)
  -   6 [desktop-chromium] › e2e/workbench.spec.ts:69:1 › uses mobile panel navigation without horizontal overflow
  -   7 [desktop-chromium] › e2e/workbench.spec.ts:94:1 › keeps the product identity and compact actions visible on mobile
  ✓   8 [desktop-chromium] › e2e/workbench.spec.ts:117:1 › opens, edits, explicitly saves, refreshes, and builds through HTTP (632ms)
  ✓   9 [desktop-chromium] › e2e/workbench.spec.ts:242:1 › loads a complete automatic PDF and marks it stale after an edit (601ms)
  ✓  10 [desktop-chromium] › e2e/workbench.spec.ts:344:1 › cancels an active Web build and retries without losing prior output (604ms)
  ✓  11 [desktop-chromium] › e2e/workbench.spec.ts:440:1 › selects a template and blocks build on an activated fatal diagnostic (502ms)
  ✓  12 [desktop-chromium] › e2e/workbench.spec.ts:535:1 › preserves keyboard focus order and panel resizing at desktop widths (352ms)
  ✓  13 [minimum-desktop-chromium] › e2e/acceptance.spec.ts:42:1 › verifies empty, disabled, keyboard-focus, contrast, resize, and reduced motion (557ms)
  ✓  14 [minimum-desktop-chromium] › e2e/acceptance.spec.ts:91:1 › saves with Ctrl+S when the minimum desktop toolbar hides secondary actions (703ms)
  -  15 [minimum-desktop-chromium] › e2e/acceptance.spec.ts:158:1 › verifies loading and permission recovery without losing the opened source
  -  16 [minimum-desktop-chromium] › e2e/acceptance.spec.ts:218:1 › verifies populated, dirty, and successful output states with the complete preview
  ✓  17 [minimum-desktop-chromium] › e2e/workbench.spec.ts:46:1 › launches the shared workbench with keyboard-visible controls (548ms)
  -  18 [minimum-desktop-chromium] › e2e/workbench.spec.ts:69:1 › uses mobile panel navigation without horizontal overflow
  -  19 [minimum-desktop-chromium] › e2e/workbench.spec.ts:94:1 › keeps the product identity and compact actions visible on mobile
  -  20 [minimum-desktop-chromium] › e2e/workbench.spec.ts:117:1 › opens, edits, explicitly saves, refreshes, and builds through HTTP
  -  21 [minimum-desktop-chromium] › e2e/workbench.spec.ts:242:1 › loads a complete automatic PDF and marks it stale after an edit
  -  22 [minimum-desktop-chromium] › e2e/workbench.spec.ts:344:1 › cancels an active Web build and retries without losing prior output
  -  23 [minimum-desktop-chromium] › e2e/workbench.spec.ts:440:1 › selects a template and blocks build on an activated fatal diagnostic
  ✓  24 [minimum-desktop-chromium] › e2e/workbench.spec.ts:535:1 › preserves keyboard focus order and panel resizing at desktop widths (491ms)
  -  25 [mobile-chromium] › e2e/acceptance.spec.ts:42:1 › verifies empty, disabled, keyboard-focus, contrast, resize, and reduced motion
  -  26 [mobile-chromium] › e2e/acceptance.spec.ts:91:1 › saves with Ctrl+S when the minimum desktop toolbar hides secondary actions
  -  27 [mobile-chromium] › e2e/acceptance.spec.ts:158:1 › verifies loading and permission recovery without losing the opened source
  -  28 [mobile-chromium] › e2e/acceptance.spec.ts:218:1 › verifies populated, dirty, and successful output states with the complete preview
  ✓  29 [mobile-chromium] › e2e/workbench.spec.ts:46:1 › launches the shared workbench with keyboard-visible controls (555ms)
  ✓  30 [mobile-chromium] › e2e/workbench.spec.ts:69:1 › uses mobile panel navigation without horizontal overflow (541ms)
  ✓  31 [mobile-chromium] › e2e/workbench.spec.ts:94:1 › keeps the product identity and compact actions visible on mobile (483ms)
  -  32 [mobile-chromium] › e2e/workbench.spec.ts:117:1 › opens, edits, explicitly saves, refreshes, and builds through HTTP
  -  33 [mobile-chromium] › e2e/workbench.spec.ts:242:1 › loads a complete automatic PDF and marks it stale after an edit
  -  34 [mobile-chromium] › e2e/workbench.spec.ts:344:1 › cancels an active Web build and retries without losing prior output
  -  35 [mobile-chromium] › e2e/workbench.spec.ts:440:1 › selects a template and blocks build on an activated fatal diagnostic
  -  36 [mobile-chromium] › e2e/workbench.spec.ts:535:1 › preserves keyboard focus order and panel resizing at desktop widths

  20 skipped
  16 passed (1.7m)


## stderr
[WebServer] (node:55709) Warning: The 'NO_COLOR' env is ignored due to the 'FORCE_COLOR' env being set.
[WebServer] (Use `node --trace-warnings ...` to show where the warning was created)
[WebServer] (node:55735) Warning: The 'NO_COLOR' env is ignored due to the 'FORCE_COLOR' env being set.
[WebServer] (Use `node --trace-warnings ...` to show where the warning was created)
(node:55787) Warning: The 'NO_COLOR' env is ignored due to the 'FORCE_COLOR' env being set.
(Use `node --trace-warnings ...` to show where the warning was created)
(node:56296) Warning: The 'NO_COLOR' env is ignored due to the 'FORCE_COLOR' env being set.
(Use `node --trace-warnings ...` to show where the warning was created)
(node:56768) Warning: The 'NO_COLOR' env is ignored due to the 'FORCE_COLOR' env being set.
(Use `node --trace-warnings ...` to show where the warning was created)
